// Jest Snapshot v1, https://goo.gl/fbAQLP

exports[`Kite renders correctly 1`] = `
<body>
  <div />
  <div
    class="Kite visible"
    title="Kite Title!"
  >
    <svg
      class="icon"
      fill="green"
      height="20"
      style="display: block;"
      viewBox="0 0 24 24"
      width="20"
      xmlns="http://www.w3.org/2000/svg"
    >
      <path
        d="M9 16.17L4.83 12l-1.42 1.41L9 19 21 7l-1.41-1.41z"
      />
    </svg>
    <div
      class="content"
    >
      <p>
        Kite Content Goes here!
      </p>
    </div>
  </div>
</body>
`;
